I2026-09-28 05:47:19.000996[1522.306000ms][2426048|2426048]new populate all review lists Begin
I2026-09-28 05:47:19.000996[1522.353000ms][2426048|2426048]populate review list
I2026-09-28 05:47:19.000996[1522.357000ms][2426048|2426048]new populate review list Begin
I2026-09-28 05:47:19.000996[1522.360000ms][2426048|2426048]reviewObj List Size [0], The Number of Updated Items [0].
I2026-09-28 05:47:19.000996[1522.364000ms][2426048|2426048]populate signature group list view Begin
I2026-09-28 05:47:19.000996[1522.367000ms][2426048|2426048]populate signature group list view End,0.001000ms used.
I2026-09-28 05:47:19.000996[1522.371000ms][2426048|2426048]new populate review list End,0.014000ms used.
I2026-09-28 05:47:19.000996[1522.373000ms][2426048|2426048]new populate review list Begin
I2026-09-28 05:47:19.000996[1522.376000ms][2426048|2426048]reviewObj List Size [0], The Number of Updated Items [0].
I2026-09-28 05:47:19.000996[1522.378000ms][2426048|2426048]populate signature group list view Begin
I2026-09-28 05:47:19.000996[1522.380000ms][2426048|2426048]populate signature group list view End,0.001000ms used.
I2026-09-28 05:47:19.000996[1522.382000ms][2426048|2426048]new populate review list End,0.008000ms used.
I2026-09-28 05:47:19.000996[1522.384000ms][2426048|2426048]populate unmap list
I2026-09-28 05:47:19.000996[1522.385000ms][2426048|2426048]new populate review list Begin
I2026-09-28 05:47:19.000996[1522.388000ms][2426048|2426048]reviewObj List Size [0], The Number of Updated Items [0].
I2026-09-28 05:47:19.000996[1522.390000ms][2426048|2426048]populate signature group list view Begin
I2026-09-28 05:47:19.000996[1522.392000ms][2426048|2426048]populate signature group list view End,0.001000ms used.
I2026-09-28 05:47:19.000996[1522.394000ms][2426048|2426048]new populate review list End,0.008000ms used.
I2026-09-28 05:47:19.000996[1522.396000ms][2426048|2426048]populate exclusions list
I2026-09-28 05:47:19.000996[1522.397000ms][2426048|2426048]new populate review list Begin
I2026-09-28 05:47:19.000996[1522.399000ms][2426048|2426048]reviewObj List Size [0], The Number of Updated Items [0].
I2026-09-28 05:47:19.000996[1522.402000ms][2426048|2426048]populate signature group list view Begin
I2026-09-28 05:47:19.000996[1522.404000ms][2426048|2426048]populate signature group list view End,0.001000ms used.
I2026-09-28 05:47:19.000996[1522.406000ms][2426048|2426048]new populate review list End,0.008000ms used.
I2026-09-28 05:47:19.000996[1522.408000ms][2426048|2426048]populate cg unmap list
I2026-09-28 05:47:19.000996[1522.409000ms][2426048|2426048]new populate review list Begin
I2026-09-28 05:47:19.000996[1522.411000ms][2426048|2426048]reviewObj List Size [0], The Number of Updated Items [0].
I2026-09-28 05:47:19.000996[1522.422000ms][2426048|2426048]populate signature group list view Begin
I2026-09-28 05:47:19.000996[1522.428000ms][2426048|2426048]populate signature group list view End,0.006000ms used.
I2026-09-28 05:47:19.000996[1522.431000ms][2426048|2426048]new populate review list End,0.022000ms used.
I2026-09-28 05:47:19.000996[1522.435000ms][2426048|2426048]populate cg list
I2026-09-28 05:47:19.000996[1522.473000ms][2426048|2426048]new populate all review lists End,0.200000ms used.
I2026-09-28 05:47:20.000015[1541.807000ms][2426048|2426048]new populate all review lists Begin
I2026-09-28 05:47:20.000016[1541.840000ms][2426048|2426048]populate review list
I2026-09-28 05:47:20.000016[1541.843000ms][2426048|2426048]new populate review list Begin
I2026-09-28 05:47:20.000016[1541.846000ms][2426048|2426048]reviewObj List Size [0], The Number of Updated Items [0].
I2026-09-28 05:47:20.000016[1541.849000ms][2426048|2426048]populate signature group list view Begin
I2026-09-28 05:47:20.000016[1541.852000ms][2426048|2426048]populate signature group list view End,0.001000ms used.
I2026-09-28 05:47:20.000016[1541.855000ms][2426048|2426048]new populate review list End,0.011000ms used.
I2026-09-28 05:47:20.000016[1541.856000ms][2426048|2426048]new populate review list Begin
I2026-09-28 05:47:20.000016[1541.858000ms][2426048|2426048]reviewObj List Size [0], The Number of Updated Items [0].
I2026-09-28 05:47:20.000016[1541.871000ms][2426048|2426048]populate signature group list view Begin
I2026-09-28 05:47:20.000016[1541.873000ms][2426048|2426048]populate signature group list view End,0.001000ms used.
I2026-09-28 05:47:20.000016[1541.875000ms][2426048|2426048]new populate review list End,0.018000ms used.
I2026-09-28 05:47:20.000016[1541.876000ms][2426048|2426048]populate unmap list
I2026-09-28 05:47:20.000016[1541.878000ms][2426048|2426048]new populate review list Begin
I2026-09-28 05:47:20.000016[1541.880000ms][2426048|2426048]reviewObj List Size [0], The Number of Updated Items [0].
I2026-09-28 05:47:20.000016[1541.882000ms][2426048|2426048]populate signature group list view Begin
I2026-09-28 05:47:20.000016[1541.891000ms][2426048|2426048]populate signature group list view End,0.008000ms used.
I2026-09-28 05:47:20.000016[1541.898000ms][2426048|2426048]new populate review list End,0.019000ms used.
I2026-09-28 05:47:20.000016[1541.904000ms][2426048|2426048]populate exclusions list
I2026-09-28 05:47:20.000016[1541.906000ms][2426048|2426048]new populate review list Begin
I2026-09-28 05:47:20.000016[1541.910000ms][2426048|2426048]reviewObj List Size [0], The Number of Updated Items [0].
I2026-09-28 05:47:20.000016[1541.915000ms][2426048|2426048]populate signature group list view Begin
I2026-09-28 05:47:20.000016[1541.923000ms][2426048|2426048]populate signature group list view End,0.008000ms used.
I2026-09-28 05:47:20.000016[1541.930000ms][2426048|2426048]new populate review list End,0.022000ms used.
I2026-09-28 05:47:20.000016[1541.933000ms][2426048|2426048]populate cg unmap list
I2026-09-28 05:47:20.000016[1541.941000ms][2426048|2426048]new populate review list Begin
I2026-09-28 05:47:20.000016[1541.949000ms][2426048|2426048]reviewObj List Size [0], The Number of Updated Items [0].
I2026-09-28 05:47:20.000016[1541.952000ms][2426048|2426048]populate signature group list view Begin
I2026-09-28 05:47:20.000016[1541.958000ms][2426048|2426048]populate signature group list view End,0.007000ms used.
I2026-09-28 05:47:20.000016[1541.961000ms][2426048|2426048]new populate review list End,0.020000ms used.
I2026-09-28 05:47:20.000016[1541.966000ms][2426048|2426048]populate cg list
I2026-09-28 05:47:20.000016[1541.988000ms][2426048|2426048]new populate all review lists End,0.185000ms used.
I2026-09-28 05:47:20.000700[2226.084000ms][2426048|2426048]new populate all review lists Begin
I2026-09-28 05:47:20.000700[2226.128000ms][2426048|2426048]populate review list
I2026-09-28 05:47:20.000700[2226.132000ms][2426048|2426048]new populate review list Begin
I2026-09-28 05:47:20.000700[2226.135000ms][2426048|2426048]reviewObj List Size [0], The Number of Updated Items [0].
I2026-09-28 05:47:20.000700[2226.139000ms][2426048|2426048]populate signature group list view Begin
I2026-09-28 05:47:20.000700[2226.142000ms][2426048|2426048]populate signature group list view End,0.002000ms used.
I2026-09-28 05:47:20.000700[2226.145000ms][2426048|2426048]new populate review list End,0.013000ms used.
I2026-09-28 05:47:20.000700[2226.147000ms][2426048|2426048]new populate review list Begin
I2026-09-28 05:47:20.000700[2226.149000ms][2426048|2426048]reviewObj List Size [0], The Number of Updated Items [0].
I2026-09-28 05:47:20.000700[2226.151000ms][2426048|2426048]populate signature group list view Begin
I2026-09-28 05:47:20.000700[2226.153000ms][2426048|2426048]populate signature group list view End,0.002000ms used.
I2026-09-28 05:47:20.000700[2226.155000ms][2426048|2426048]new populate review list End,0.007000ms used.
I2026-09-28 05:47:20.000700[2226.156000ms][2426048|2426048]populate unmap list
I2026-09-28 05:47:20.000700[2226.158000ms][2426048|2426048]new populate review list Begin
I2026-09-28 05:47:20.000700[2226.162000ms][2426048|2426048]reviewObj List Size [0], The Number of Updated Items [0].
I2026-09-28 05:47:20.000700[2226.186000ms][2426048|2426048]populate signature group list view Begin
I2026-09-28 05:47:20.000700[2226.203000ms][2426048|2426048]populate signature group list view End,0.021000ms used.
I2026-09-28 05:47:20.000700[2226.219000ms][2426048|2426048]new populate review list End,0.056000ms used.
I2026-09-28 05:47:20.000700[2226.272000ms][2426048|2426048]populate exclusions list
I2026-09-28 05:47:20.000700[2226.275000ms][2426048|2426048]new populate review list Begin
I2026-09-28 05:47:20.000700[2226.278000ms][2426048|2426048]reviewObj List Size [0], The Number of Updated Items [0].
I2026-09-28 05:47:20.000700[2226.281000ms][2426048|2426048]populate signature group list view Begin
I2026-09-28 05:47:20.000700[2226.284000ms][2426048|2426048]populate signature group list view End,0.002000ms used.
I2026-09-28 05:47:20.000700[2226.288000ms][2426048|2426048]new populate review list End,0.012000ms used.
I2026-09-28 05:47:20.000700[2226.289000ms][2426048|2426048]populate cg unmap list
I2026-09-28 05:47:20.000700[2226.292000ms][2426048|2426048]new populate review list Begin
I2026-09-28 05:47:20.000700[2226.295000ms][2426048|2426048]reviewObj List Size [0], The Number of Updated Items [0].
I2026-09-28 05:47:20.000700[2226.300000ms][2426048|2426048]populate signature group list view Begin
I2026-09-28 05:47:20.000700[2226.303000ms][2426048|2426048]populate signature group list view End,0.005000ms used.
I2026-09-28 05:47:20.000700[2226.305000ms][2426048|2426048]new populate review list End,0.013000ms used.
I2026-09-28 05:47:20.000700[2226.308000ms][2426048|2426048]populate cg list
I2026-09-28 05:47:20.000700[2226.336000ms][2426048|2426048]new populate all review lists End,0.263000ms used.
I2026-09-28 05:47:20.000826[2352.288000ms][2426048|2426048]new populate all review lists Begin
I2026-09-28 05:47:20.000826[2352.327000ms][2426048|2426048]populate review list
I2026-09-28 05:47:20.000826[2352.332000ms][2426048|2426048]new populate review list Begin
I2026-09-28 05:47:20.000826[2352.344000ms][2426048|2426048]reviewObj List Size [0], The Number of Updated Items [0].
I2026-09-28 05:47:20.000826[2352.348000ms][2426048|2426048]populate signature group list view Begin
I2026-09-28 05:47:20.000826[2352.356000ms][2426048|2426048]populate signature group list view End,0.007000ms used.
I2026-09-28 05:47:20.000826[2352.360000ms][2426048|2426048]new populate review list End,0.028000ms used.
I2026-09-28 05:47:20.000826[2352.363000ms][2426048|2426048]new populate review list Begin
I2026-09-28 05:47:20.000826[2352.371000ms][2426048|2426048]reviewObj List Size [0], The Number of Updated Items [0].
I2026-09-28 05:47:20.000826[2352.384000ms][2426048|2426048]populate signature group list view Begin
I2026-09-28 05:47:20.000826[2352.389000ms][2426048|2426048]populate signature group list view End,0.010000ms used.
I2026-09-28 05:47:20.000826[2352.391000ms][2426048|2426048]new populate review list End,0.027000ms used.
I2026-09-28 05:47:20.000826[2352.394000ms][2426048|2426048]populate unmap list
I2026-09-28 05:47:20.000826[2352.397000ms][2426048|2426048]new populate review list Begin
I2026-09-28 05:47:20.000826[2352.400000ms][2426048|2426048]reviewObj List Size [0], The Number of Updated Items [0].
I2026-09-28 05:47:20.000826[2352.402000ms][2426048|2426048]populate signature group list view Begin
I2026-09-28 05:47:20.000826[2352.405000ms][2426048|2426048]populate signature group list view End,0.003000ms used.
I2026-09-28 05:47:20.000826[2352.411000ms][2426048|2426048]new populate review list End,0.014000ms used.
I2026-09-28 05:47:20.000826[2352.417000ms][2426048|2426048]populate exclusions list
I2026-09-28 05:47:20.000826[2352.423000ms][2426048|2426048]new populate review list Begin
I2026-09-28 05:47:20.000826[2352.430000ms][2426048|2426048]reviewObj List Size [0], The Number of Updated Items [0].
I2026-09-28 05:47:20.000826[2352.435000ms][2426048|2426048]populate signature group list view Begin
I2026-09-28 05:47:20.000826[2352.441000ms][2426048|2426048]populate signature group list view End,0.006000ms used.
I2026-09-28 05:47:20.000826[2352.444000ms][2426048|2426048]new populate review list End,0.020000ms used.
I2026-09-28 05:47:20.000826[2352.446000ms][2426048|2426048]populate cg unmap list
I2026-09-28 05:47:20.000826[2352.449000ms][2426048|2426048]new populate review list Begin
I2026-09-28 05:47:20.000826[2352.456000ms][2426048|2426048]reviewObj List Size [0], The Number of Updated Items [0].
I2026-09-28 05:47:20.000826[2352.462000ms][2426048|2426048]populate signature group list view Begin
I2026-09-28 05:47:20.000826[2352.471000ms][2426048|2426048]populate signature group list view End,0.007000ms used.
I2026-09-28 05:47:20.000826[2352.478000ms][2426048|2426048]new populate review list End,0.028000ms used.
I2026-09-28 05:47:20.000826[2352.482000ms][2426048|2426048]populate cg list
I2026-09-28 05:47:20.000826[2352.505000ms][2426048|2426048]new populate all review lists End,0.223000ms used.
I2026-09-28 05:47:21.000108[2634.287000ms][2426048|2426048]covDatabase::openDatabase Begin
I2026-09-28 05:47:21.000108[2634.386000ms][2426048|2426048]covDatabase::openDatabase End,0.107000ms used.
I2026-09-28 05:47:21.000108[2634.577000ms][2426048|2426048]cmdGuiOpenCov::execute Begin
I2026-09-28 05:47:21.000122[2648.048000ms][2426048|2426048]covDatabase::openDatabase Begin
I2026-09-28 05:47:21.000122[2648.170000ms][2426048|2426048]covDatabase::openDatabase End,0.124000ms used.
I2026-09-28 05:47:21.000168[2694.515000ms][2426048|2426048]cmdGuiOpenCov::execute End,59.931000ms used.
